<html>
<body>
<pre>
<h1>µVision Build Log</h1>
<h2>Tool Versions:</h2>
IDE-Version: µVision V5.29.0.0
Copyright (C) 2019 ARM Ltd and ARM Germany GmbH. All rights reserved.
License Information: Joshua Lim, Imperial College London, LIC=----
 
Tool Versions:
Toolchain:       MDK-Lite  Version: 5.29.0.0
Toolchain Path:  C:\Keil_v5\ARM\ARMCC\Bin
C Compiler:      Armcc.exe V5.06 update 6 (build 750)
Assembler:       Armasm.exe V5.06 update 6 (build 750)
Linker/Locator:  ArmLink.exe V5.06 update 6 (build 750)
Library Manager: ArmAr.exe V5.06 update 6 (build 750)
Hex Converter:   FromElf.exe V5.06 update 6 (build 750)
CPU DLL:         SARMCM3.DLL V5.29.0.0
Dialog DLL:      DCM.DLL V1.17.3.0
Target DLL:      STLink\ST-LINKIII-KEIL_SWO.dll V3.0.7.0
Dialog DLL:      TCM.DLL V1.36.5.0
 
<h2>Project:</h2>
C:\Users\Joshua\Documents\GitHub\ICRS-Sumobot\UART_Comms_STM32\MDK-ARM\UART_Comms_STM32.uvprojx
Project File Date:  01/28/2020

<h2>Output:</h2>
*** Using Compiler 'V5.06 update 6 (build 750)', folder: 'C:\Keil_v5\ARM\ARMCC\Bin'
Build target 'UART_Comms_STM32'
compiling main.c...
../Src/UARTLink.h(9): warning:  #1-D: last line of file ends without a newline
  #endif
../Src/main.c(104): warning:  #188-D: enumerated type mixed with another type
  	HAL_GPIO_WritePin(LD2_GPIO_Port,LD2_Pin,0);
../Src/main.c(102): warning:  #177-D: variable "request"  was declared but never referenced
  	uint8_t request[1]={'0'};
../Src/main.c: 3 warnings, 0 errors
compiling UARTLink.c...
..\Src\UARTLink.h(9): warning:  #1-D: last line of file ends without a newline
  #endif
..\Src\UARTLink.c(16): warning:  #1-D: last line of file ends without a newline
  }
..\Src\UARTLink.c: 2 warnings, 0 errors
linking...
Program Size: Code=3984 RO-data=512 RW-data=16 ZI-data=1216  
FromELF: creating hex file...
"UART_Comms_STM32\UART_Comms_STM32.axf" - 0 Error(s), 5 Warning(s).

<h2>Software Packages used:</h2>

Package Vendor: ARM
                http://www.keil.com/pack/ARM.CMSIS.5.6.0.pack
                ARM.CMSIS.5.6.0
                CMSIS (Cortex Microcontroller Software Interface Standard)
   * Component: CORE Version: 5.3.0

Package Vendor: Keil
                http://www.keil.com/pack/Keil.STM32F4xx_DFP.2.14.0.pack
                Keil.STM32F4xx_DFP.2.14.0
                STMicroelectronics STM32F4 Series Device Support, Drivers and Examples

<h2>Collection of Component include folders:</h2>
  .\RTE\_UART_Comms_STM32
  C:\Users\Joshua\AppData\Local\Arm\Packs\ARM\CMSIS\5.6.0\CMSIS\Core\Include
  C:\Users\Joshua\AppData\Local\Arm\Packs\Keil\STM32F4xx_DFP\2.14.0\Drivers\CMSIS\Device\ST\STM32F4xx\Include

<h2>Collection of Component Files used:</h2>

   * Component: ARM::CMSIS:CORE:5.3.0
Build Time Elapsed:  00:00:02
</pre>
</body>
</html>
