Archive member included to satisfy reference by file (symbol)

/usr/lib/gcc/arm-none-eabi/6.3.1/../../../arm-none-eabi/lib/thumb/v7e-m/libg_nano.a(lib_a-atexit.o)
                              /usr/lib/gcc/arm-none-eabi/6.3.1/../../../arm-none-eabi/lib/thumb/v7e-m/crt0.o (atexit)
/usr/lib/gcc/arm-none-eabi/6.3.1/../../../arm-none-eabi/lib/thumb/v7e-m/libg_nano.a(lib_a-errno.o)
                              CMakeFiles/motor_driver.elf.dir/Src/syscalls.c.obj (__errno)
/usr/lib/gcc/arm-none-eabi/6.3.1/../../../arm-none-eabi/lib/thumb/v7e-m/libg_nano.a(lib_a-exit.o)
                              /usr/lib/gcc/arm-none-eabi/6.3.1/../../../arm-none-eabi/lib/thumb/v7e-m/crt0.o (exit)
/usr/lib/gcc/arm-none-eabi/6.3.1/../../../arm-none-eabi/lib/thumb/v7e-m/libg_nano.a(lib_a-fini.o)
                              /usr/lib/gcc/arm-none-eabi/6.3.1/../../../arm-none-eabi/lib/thumb/v7e-m/crt0.o (__libc_fini_array)
/usr/lib/gcc/arm-none-eabi/6.3.1/../../../arm-none-eabi/lib/thumb/v7e-m/libg_nano.a(lib_a-impure.o)
                              /usr/lib/gcc/arm-none-eabi/6.3.1/../../../arm-none-eabi/lib/thumb/v7e-m/libg_nano.a(lib_a-exit.o) (_global_impure_ptr)
/usr/lib/gcc/arm-none-eabi/6.3.1/../../../arm-none-eabi/lib/thumb/v7e-m/libg_nano.a(lib_a-init.o)
                              /usr/lib/gcc/arm-none-eabi/6.3.1/../../../arm-none-eabi/lib/thumb/v7e-m/crt0.o (__libc_init_array)
/usr/lib/gcc/arm-none-eabi/6.3.1/../../../arm-none-eabi/lib/thumb/v7e-m/libg_nano.a(lib_a-memset.o)
                              /usr/lib/gcc/arm-none-eabi/6.3.1/../../../arm-none-eabi/lib/thumb/v7e-m/crt0.o (memset)
/usr/lib/gcc/arm-none-eabi/6.3.1/../../../arm-none-eabi/lib/thumb/v7e-m/libg_nano.a(lib_a-__atexit.o)
                              /usr/lib/gcc/arm-none-eabi/6.3.1/../../../arm-none-eabi/lib/thumb/v7e-m/libg_nano.a(lib_a-atexit.o) (__register_exitproc)
/usr/lib/gcc/arm-none-eabi/6.3.1/../../../arm-none-eabi/lib/thumb/v7e-m/libg_nano.a(lib_a-__call_atexit.o)
                              /usr/lib/gcc/arm-none-eabi/6.3.1/../../../arm-none-eabi/lib/thumb/v7e-m/libg_nano.a(lib_a-__atexit.o) (__call_exitprocs)

Discarded input sections

 .text          0x0000000000000000        0x0 /usr/lib/gcc/arm-none-eabi/6.3.1/thumb/v7e-m/crti.o
 .data          0x0000000000000000        0x0 /usr/lib/gcc/arm-none-eabi/6.3.1/thumb/v7e-m/crti.o
 .bss           0x0000000000000000        0x0 /usr/lib/gcc/arm-none-eabi/6.3.1/thumb/v7e-m/crti.o
 .data          0x0000000000000000        0x4 /usr/lib/gcc/arm-none-eabi/6.3.1/thumb/v7e-m/crtbegin.o
 .text          0x0000000000000000       0x68 /usr/lib/gcc/arm-none-eabi/6.3.1/../../../arm-none-eabi/lib/thumb/v7e-m/crt0.o
 .data          0x0000000000000000        0x0 /usr/lib/gcc/arm-none-eabi/6.3.1/../../../arm-none-eabi/lib/thumb/v7e-m/crt0.o
 .bss           0x0000000000000000        0x0 /usr/lib/gcc/arm-none-eabi/6.3.1/../../../arm-none-eabi/lib/thumb/v7e-m/crt0.o
 .ARM.extab     0x0000000000000000        0x0 /usr/lib/gcc/arm-none-eabi/6.3.1/../../../arm-none-eabi/lib/thumb/v7e-m/crt0.o
 .ARM.exidx     0x0000000000000000        0x8 /usr/lib/gcc/arm-none-eabi/6.3.1/../../../arm-none-eabi/lib/thumb/v7e-m/crt0.o
 .debug_line    0x0000000000000000       0x7e /usr/lib/gcc/arm-none-eabi/6.3.1/../../../arm-none-eabi/lib/thumb/v7e-m/crt0.o
 .debug_info    0x0000000000000000       0xa4 /usr/lib/gcc/arm-none-eabi/6.3.1/../../../arm-none-eabi/lib/thumb/v7e-m/crt0.o
 .debug_abbrev  0x0000000000000000       0x14 /usr/lib/gcc/arm-none-eabi/6.3.1/../../../arm-none-eabi/lib/thumb/v7e-m/crt0.o
 .debug_aranges
                0x0000000000000000       0x20 /usr/lib/gcc/arm-none-eabi/6.3.1/../../../arm-none-eabi/lib/thumb/v7e-m/crt0.o
 .ARM.attributes
                0x0000000000000000       0x1c /usr/lib/gcc/arm-none-eabi/6.3.1/../../../arm-none-eabi/lib/thumb/v7e-m/crt0.o
 .text          0x0000000000000000        0x0 CMakeFiles/motor_driver.elf.dir/Drivers/STM32F3xx_HAL_Driver/Src/stm32f3xx_hal.c.obj
 .data          0x0000000000000000        0x0 CMakeFiles/motor_driver.elf.dir/Drivers/STM32F3xx_HAL_Driver/Src/stm32f3xx_hal.c.obj
 .bss           0x0000000000000000        0x0 CMakeFiles/motor_driver.elf.dir/Drivers/STM32F3xx_HAL_Driver/Src/stm32f3xx_hal.c.obj
 .text.HAL_DeInit
                0x0000000000000000       0x3c CMakeFiles/motor_driver.elf.dir/Drivers/STM32F3xx_HAL_Driver/Src/stm32f3xx_hal.c.obj
 .text.HAL_MspInit
                0x0000000000000000        0xc CMakeFiles/motor_driver.elf.dir/Drivers/STM32F3xx_HAL_Driver/Src/stm32f3xx_hal.c.obj
 .text.HAL_MspDeInit
                0x0000000000000000        0xc CMakeFiles/motor_driver.elf.dir/Drivers/STM32F3xx_HAL_Driver/Src/stm32f3xx_hal.c.obj
 .text.HAL_GetTickPrio
                0x0000000000000000       0x14 CMakeFiles/motor_driver.elf.dir/Drivers/STM32F3xx_HAL_Driver/Src/stm32f3xx_hal.c.obj
 .text.HAL_SetTickFreq
                0x0000000000000000       0x50 CMakeFiles/motor_driver.elf.dir/Drivers/STM32F3xx_HAL_Driver/Src/stm32f3xx_hal.c.obj
 .text.HAL_GetTickFreq
[...]
Memory Configuration

Name             Origin             Length             Attributes
RAM              0x0000000020000000 0x0000000000003000 xrw
CCMRAM           0x0000000010000000 0x0000000000001000 rw
FLASH            0x0000000008000000 0x0000000000010000 xr
*default*        0x0000000000000000 0xffffffffffffffff

Linker script and memory map

LOAD /usr/lib/gcc/arm-none-eabi/6.3.1/thumb/v7e-m/crti.o
LOAD /usr/lib/gcc/arm-none-eabi/6.3.1/thumb/v7e-m/crtbegin.o
LOAD /usr/lib/gcc/arm-none-eabi/6.3.1/../../../arm-none-eabi/lib/thumb/v7e-m/crt0.o
LOAD CMakeFiles/motor_driver.elf.dir/Drivers/STM32F3xx_HAL_Driver/Src/stm32f3xx_hal.c.obj
LOAD CMakeFiles/motor_driver.elf.dir/Drivers/STM32F3xx_HAL_Driver/Src/stm32f3xx_hal_cortex.c.obj
LOAD CMakeFiles/motor_driver.elf.dir/Drivers/STM32F3xx_HAL_Driver/Src/stm32f3xx_hal_dma.c.obj
LOAD CMakeFiles/motor_driver.elf.dir/Drivers/STM32F3xx_HAL_Driver/Src/stm32f3xx_hal_exti.c.obj
LOAD CMakeFiles/motor_driver.elf.dir/Drivers/STM32F3xx_HAL_Driver/Src/stm32f3xx_hal_flash.c.obj
LOAD CMakeFiles/motor_driver.elf.dir/Drivers/STM32F3xx_HAL_Driver/Src/stm32f3xx_hal_flash_ex.c.obj
LOAD CMakeFiles/motor_driver.elf.dir/Drivers/STM32F3xx_HAL_Driver/Src/stm32f3xx_hal_gpio.c.obj
LOAD CMakeFiles/motor_driver.elf.dir/Drivers/STM32F3xx_HAL_Driver/Src/stm32f3xx_hal_i2c.c.obj
LOAD CMakeFiles/motor_driver.elf.dir/Drivers/STM32F3xx_HAL_Driver/Src/stm32f3xx_hal_i2c_ex.c.obj
LOAD CMakeFiles/motor_driver.elf.dir/Drivers/STM32F3xx_HAL_Driver/Src/stm32f3xx_hal_pwr.c.obj
LOAD CMakeFiles/motor_driver.elf.dir/Drivers/STM32F3xx_HAL_Driver/Src/stm32f3xx_hal_pwr_ex.c.obj
LOAD CMakeFiles/motor_driver.elf.dir/Drivers/STM32F3xx_HAL_Driver/Src/stm32f3xx_hal_rcc.c.obj
LOAD CMakeFiles/motor_driver.elf.dir/Drivers/STM32F3xx_HAL_Driver/Src/stm32f3xx_hal_rcc_ex.c.obj
LOAD CMakeFiles/motor_driver.elf.dir/Drivers/STM32F3xx_HAL_Driver/Src/stm32f3xx_hal_spi.c.obj
LOAD CMakeFiles/motor_driver.elf.dir/Drivers/STM32F3xx_HAL_Driver/Src/stm32f3xx_hal_spi_ex.c.obj
LOAD CMakeFiles/motor_driver.elf.dir/Drivers/STM32F3xx_HAL_Driver/Src/stm32f3xx_hal_tim.c.obj
LOAD CMakeFiles/motor_driver.elf.dir/Drivers/STM32F3xx_HAL_Driver/Src/stm32f3xx_hal_tim_ex.c.obj
LOAD CMakeFiles/motor_driver.elf.dir/Drivers/STM32F3xx_HAL_Driver/Src/stm32f3xx_hal_uart.c.obj
LOAD CMakeFiles/motor_driver.elf.dir/Drivers/STM32F3xx_HAL_Driver/Src/stm32f3xx_hal_uart_ex.c.obj
LOAD CMakeFiles/motor_driver.elf.dir/Src/gpio.c.obj
LOAD CMakeFiles/motor_driver.elf.dir/Src/i2c.c.obj
LOAD CMakeFiles/motor_driver.elf.dir/Src/main.c.obj
LOAD CMakeFiles/motor_driver.elf.dir/Src/motor_driver.c.obj
LOAD CMakeFiles/motor_driver.elf.dir/Src/spi.c.obj
LOAD CMakeFiles/motor_driver.elf.dir/Src/stm32f3xx_hal_msp.c.obj
LOAD CMakeFiles/motor_driver.elf.dir/Src/stm32f3xx_it.c.obj
LOAD CMakeFiles/motor_driver.elf.dir/Src/sys.c.obj
LOAD CMakeFiles/motor_driver.elf.dir/Src/syscalls.c.obj
LOAD CMakeFiles/motor_driver.elf.dir/Src/system_stm32f3xx.c.obj
LOAD CMakeFiles/motor_driver.elf.dir/Src/tim.c.obj
LOAD CMakeFiles/motor_driver.elf.dir/Src/usart.c.obj
LOAD CMakeFiles/motor_driver.elf.dir/startup/startup_stm32f303x8.s.obj
START GROUP
LOAD /usr/lib/gcc/arm-none-eabi/6.3.1/thumb/v7e-m/libgcc.a
LOAD /usr/lib/gcc/arm-none-eabi/6.3.1/../../../arm-none-eabi/lib/thumb/v7e-m/libg_nano.a
LOAD /usr/lib/gcc/arm-none-eabi/6.3.1/../../../arm-none-eabi/lib/thumb/v7e-m/libc_nano.a
END GROUP
START GROUP
LOAD /usr/lib/gcc/arm-none-eabi/6.3.1/thumb/v7e-m/libgcc.a
LOAD /usr/lib/gcc/arm-none-eabi/6.3.1/../../../arm-none-eabi/lib/thumb/v7e-m/libc_nano.a
LOAD /usr/lib/gcc/arm-none-eabi/6.3.1/../../../arm-none-eabi/lib/thumb/v7e-m/libnosys.a
END GROUP
START GROUP
LOAD /usr/lib/gcc/arm-none-eabi/6.3.1/thumb/v7e-m/libgcc.a
LOAD /usr/lib/gcc/arm-none-eabi/6.3.1/../../../arm-none-eabi/lib/thumb/v7e-m/libc_nano.a
LOAD /usr/lib/gcc/arm-none-eabi/6.3.1/../../../arm-none-eabi/lib/thumb/v7e-m/libnosys.a
END GROUP
LOAD /usr/lib/gcc/arm-none-eabi/6.3.1/thumb/v7e-m/crtend.o
LOAD /usr/lib/gcc/arm-none-eabi/6.3.1/thumb/v7e-m/crtn.o
                0x0000000020003000                _estack = 0x20003000
                0x0000000000000200                _Min_Heap_Size = 0x200
                0x0000000000000400                _Min_Stack_Size = 0x400

.isr_vector     0x0000000008000000      0x188
                0x0000000008000000                . = ALIGN (0x4)
 *(.isr_vector)
 .isr_vector    0x0000000008000000      0x188 CMakeFiles/motor_driver.elf.dir/startup/startup_stm32f303x8.s.obj
                0x0000000008000000                g_pfnVectors
                0x0000000008000188                . = ALIGN (0x4)

.text           0x0000000008000188     0x3fcc
                0x0000000008000188                . = ALIGN (0x4)
 *(.text)
 .text          0x0000000008000188       0xa4 /usr/lib/gcc/arm-none-eabi/6.3.1/thumb/v7e-m/crtbegin.o
 .text          0x000000000800022c       0x50 /usr/lib/gcc/arm-none-eabi/6.3.1/../../../arm-none-eabi/lib/thumb/v7e-m/libg_nano.a(lib_a-init.o)
                0x000000000800022c                __libc_init_array
 .text          0x000000000800027c       0x9c /usr/lib/gcc/arm-none-eabi/6.3.1/../../../arm-none-eabi/lib/thumb/v7e-m/libg_nano.a(lib_a-memset.o)
                0x000000000800027c                memset
 *(.text*)
 .text.HAL_Init
                0x0000000008000318       0x2c CMakeFiles/motor_driver.elf.dir/Drivers/STM32F3xx_HAL_Driver/Src/stm32f3xx_hal.c.obj
                0x0000000008000318                HAL_Init
 .text.HAL_InitTick
                0x0000000008000344       0x60 CMakeFiles/motor_driver.elf.dir/Drivers/STM32F3xx_HAL_Driver/Src/stm32f3xx_hal.c.obj
                0x0000000008000344                HAL_InitTick
 .text.HAL_IncTick
                0x00000000080003a4       0x24 CMakeFiles/motor_driver.elf.dir/Drivers/STM32F3xx_HAL_Driver/Src/stm32f3xx_hal.c.obj
                0x00000000080003a4                HAL_IncTick
 .text.HAL_GetTick
                0x00000000080003c8       0x14 CMakeFiles/motor_driver.elf.dir/Drivers/STM32F3xx_HAL_Driver/Src/stm32f3xx_hal.c.obj
                0x00000000080003c8                HAL_GetTick
 .text.HAL_Delay
                0x00000000080003dc       0x44 CMakeFiles/motor_driver.elf.dir/Drivers/STM32F3xx_HAL_Driver/Src/stm32f3xx_hal.c.obj
                0x00000000080003dc                HAL_Delay
 .text.__NVIC_SetPriorityGrouping
                0x0000000008000420       0x48 CMakeFiles/motor_driver.elf.dir/Drivers/STM32F3xx_HAL_Driver/Src/stm32f3xx_hal_cortex.c.obj
 .text.__NVIC_GetPriorityGrouping
                0x0000000008000468       0x1c CMakeFiles/motor_driver.elf.dir/Drivers/STM32F3xx_HAL_Driver/Src/stm32f3xx_hal_cortex.c.obj
 .text.__NVIC_EnableIRQ
                0x0000000008000484       0x38 CMakeFiles/motor_driver.elf.dir/Drivers/STM32F3xx_HAL_Driver/Src/stm32f3xx_hal_cortex.c.obj
 .text.__NVIC_SetPriority
                0x00000000080004bc       0x54 CMakeFiles/motor_driver.elf.dir/Drivers/STM32F3xx_HAL_Driver/Src/stm32f3xx_hal_cortex.c.obj
 .text.NVIC_EncodePriority
                0x0000000008000510       0x60 CMakeFiles/motor_driver.elf.dir/Drivers/STM32F3xx_HAL_Driver/Src/stm32f3xx_hal_cortex.c.obj
 .text.SysTick_Config
                0x0000000008000570       0x44 CMakeFiles/motor_driver.elf.dir/Drivers/STM32F3xx_HAL_Driver/Src/stm32f3xx_hal_cortex.c.obj
 .text.HAL_NVIC_SetPriorityGrouping
                0x00000000080005b4       0x16 CMakeFiles/motor_driver.elf.dir/Drivers/STM32F3xx_HAL_Driver/Src/stm32f3xx_hal_cortex.c.obj
                0x00000000080005b4                HAL_NVIC_SetPriorityGrouping
 .text.HAL_NVIC_SetPriority
                0x00000000080005ca       0x38 CMakeFiles/motor_driver.elf.dir/Drivers/STM32F3xx_HAL_Driver/Src/stm32f3xx_hal_cortex.c.obj
                0x00000000080005ca                HAL_NVIC_SetPriority
 .text.HAL_NVIC_EnableIRQ
                0x0000000008000602       0x1c CMakeFiles/motor_driver.elf.dir/Drivers/STM32F3xx_HAL_Driver/Src/stm32f3xx_hal_cortex.c.obj
                0x0000000008000602                HAL_NVIC_EnableIRQ
 .text.HAL_SYSTICK_Config
                0x000000000800061e       0x18 CMakeFiles/motor_driver.elf.dir/Drivers/STM32F3xx_HAL_Driver/Src/stm32f3xx_hal_cortex.c.obj
                0x000000000800061e                HAL_SYSTICK_Config
 *fill*         0x0000000008000636        0x2 
 .text.HAL_GPIO_Init
                0x0000000008000638      0x2e0 CMakeFiles/motor_driver.elf.dir/Drivers/STM32F3xx_HAL_Driver/Src/stm32f3xx_hal_gpio.c.obj
                0x0000000008000638                HAL_GPIO_Init
 .text.HAL_GPIO_WritePin
                0x0000000008000918       0x2e CMakeFiles/motor_driver.elf.dir/Drivers/STM32F3xx_HAL_Driver/Src/stm32f3xx_hal_gpio.c.obj
                0x0000000008000918                HAL_GPIO_WritePin
 *fill*         0x0000000008000946        0x2 
 .text.HAL_GPIO_EXTI_IRQHandler
                0x0000000008000948       0x30 CMakeFiles/motor_driver.elf.dir/Drivers/STM32F3xx_HAL_Driver/Src/stm32f3xx_hal_gpio.c.obj
                0x0000000008000948                HAL_GPIO_EXTI_IRQHandler
 .text.HAL_GPIO_EXTI_Callback
                0x0000000008000978       0x14 CMakeFiles/motor_driver.elf.dir/Drivers/STM32F3xx_HAL_Driver/Src/stm32f3xx_hal_gpio.c.obj
                0x0000000008000978                HAL_GPIO_EXTI_Callback
 .text.HAL_I2C_Init
                0x000000000800098c      0x11c CMakeFiles/motor_driver.elf.dir/Drivers/STM32F3xx_HAL_Driver/Src/stm32f3xx_hal_i2c.c.obj
                0x000000000800098c                HAL_I2C_Init
 .text.HAL_I2CEx_ConfigAnalogFilter
                0x0000000008000aa8       0x94 CMakeFiles/motor_driver.elf.dir/Drivers/STM32F3xx_HAL_Driver/Src/stm32f3xx_hal_i2c_ex.c.obj
                0x0000000008000aa8                HAL_I2CEx_ConfigAnalogFilter
 .text.HAL_I2CEx_ConfigDigitalFilter
                0x0000000008000b3c       0x96 CMakeFiles/motor_driver.elf.dir/Drivers/STM32F3xx_HAL_Driver/Src/stm32f3xx_hal_i2c_ex.c.obj
                0x0000000008000b3c                HAL_I2CEx_ConfigDigitalFilter
 *fill*         0x0000000008000bd2        0x2 
 .text.HAL_RCC_OscConfig
                0x0000000008000bd4      0xe10 CMakeFiles/motor_driver.elf.dir/Drivers/STM32F3xx_HAL_Driver/Src/stm32f3xx_hal_rcc.c.obj
                0x0000000008000bd4                HAL_RCC_OscConfig
 .text.HAL_RCC_ClockConfig
                0x00000000080019e4      0x2f8 CMakeFiles/motor_driver.elf.dir/Drivers/STM32F3xx_HAL_Driver/Src/stm32f3xx_hal_rcc.c.obj
                0x00000000080019e4                HAL_RCC_ClockConfig
 .text.HAL_RCC_GetSysClockFreq
                0x0000000008001cdc       0xd0 CMakeFiles/motor_driver.elf.dir/Drivers/STM32F3xx_HAL_Driver/Src/stm32f3xx_hal_rcc.c.obj
                0x0000000008001cdc                HAL_RCC_GetSysClockFreq
 .text.HAL_RCC_GetHCLKFreq
                0x0000000008001dac       0x14 CMakeFiles/motor_driver.elf.dir/Drivers/STM32F3xx_HAL_Driver/Src/stm32f3xx_hal_rcc.c.obj
                0x0000000008001dac                HAL_RCC_GetHCLKFreq
 .text.HAL_RCC_GetPCLK1Freq
                0x0000000008001dc0       0x44 CMakeFiles/motor_driver.elf.dir/Drivers/STM32F3xx_HAL_Driver/Src/stm32f3xx_hal_rcc.c.obj
                0x0000000008001dc0                HAL_RCC_GetPCLK1Freq
 .text.HAL_RCC_GetPCLK2Freq
                0x0000000008001e04       0x44 CMakeFiles/motor_driver.elf.dir/Drivers/STM32F3xx_HAL_Driver/Src/stm32f3xx_hal_rcc.c.obj
                0x0000000008001e04                HAL_RCC_GetPCLK2Freq
 .text.HAL_RCCEx_PeriphCLKConfig
                0x0000000008001e48      0x24c CMakeFiles/motor_driver.elf.dir/Drivers/STM32F3xx_HAL_Driver/Src/stm32f3xx_hal_rcc_ex.c.obj
                0x0000000008001e48                HAL_RCCEx_PeriphCLKConfig
 .text.HAL_SPI_Init
                0x0000000008002094      0x110 CMakeFiles/motor_driver.elf.dir/Drivers/STM32F3xx_HAL_Driver/Src/stm32f3xx_hal_spi.c.obj
                0x0000000008002094                HAL_SPI_Init
 .text.HAL_TIM_Base_Init
                0x00000000080021a4       0x56 CMakeFiles/motor_driver.elf.dir/Drivers/STM32F3xx_HAL_Driver/Src/stm32f3xx_hal_tim.c.obj
                0x00000000080021a4                HAL_TIM_Base_Init
 .text.HAL_TIM_PWM_Init
                0x00000000080021fa       0x56 CMakeFiles/motor_driver.elf.dir/Drivers/STM32F3xx_HAL_Driver/Src/stm32f3xx_hal_tim.c.obj
                0x00000000080021fa                HAL_TIM_PWM_Init
 .text.HAL_TIM_PWM_MspInit
                0x0000000008002250       0x12 CMakeFiles/motor_driver.elf.dir/Drivers/STM32F3xx_HAL_Driver/Src/stm32f3xx_hal_tim.c.obj
                0x0000000008002250                HAL_TIM_PWM_MspInit
 *fill*         0x0000000008002262        0x2 
 .text.HAL_TIM_PWM_Start
                0x0000000008002264       0xa4 CMakeFiles/motor_driver.elf.dir/Drivers/STM32F3xx_HAL_Driver/Src/stm32f3xx_hal_tim.c.obj
                0x0000000008002264                HAL_TIM_PWM_Start
 .text.HAL_TIM_PWM_ConfigChannel
                0x0000000008002308      0x230 CMakeFiles/motor_driver.elf.dir/Drivers/STM32F3xx_HAL_Driver/Src/stm32f3xx_hal_tim.c.obj
                0x0000000008002308                HAL_TIM_PWM_ConfigChannel
 .text.HAL_TIM_ConfigClockSource
                0x0000000008002538      0x172 CMakeFiles/motor_driver.elf.dir/Drivers/STM32F3xx_HAL_Driver/Src/stm32f3xx_hal_tim.c.obj
                0x0000000008002538                HAL_TIM_ConfigClockSource
 *fill*         0x00000000080026aa        0x2 
 .text.TIM_Base_SetConfig
                0x00000000080026ac       0xec CMakeFiles/motor_driver.elf.dir/Drivers/STM32F3xx_HAL_Driver/Src/stm32f3xx_hal_tim.c.obj
                0x00000000080026ac                TIM_Base_SetConfig
 .text.TIM_OC1_SetConfig
                0x0000000008002798      0x10c CMakeFiles/motor_driver.elf.dir/Drivers/STM32F3xx_HAL_Driver/Src/stm32f3xx_hal_tim.c.obj
 .text.TIM_OC2_SetConfig
                0x00000000080028a4       0xfc CMakeFiles/motor_driver.elf.dir/Drivers/STM32F3xx_HAL_Driver/Src/stm32f3xx_hal_tim.c.obj
                0x00000000080028a4                TIM_OC2_SetConfig
 .text.TIM_OC3_SetConfig
                0x00000000080029a0       0xfc CMakeFiles/motor_driver.elf.dir/Drivers/STM32F3xx_HAL_Driver/Src/stm32f3xx_hal_tim.c.obj
 .text.TIM_OC4_SetConfig
                0x0000000008002a9c       0xc4 CMakeFiles/motor_driver.elf.dir/Drivers/STM32F3xx_HAL_Driver/Src/stm32f3xx_hal_tim.c.obj
 .text.TIM_OC5_SetConfig
                0x0000000008002b60       0xbc CMakeFiles/motor_driver.elf.dir/Drivers/STM32F3xx_HAL_Driver/Src/stm32f3xx_hal_tim.c.obj
 .text.TIM_OC6_SetConfig
                0x0000000008002c1c       0xbc CMakeFiles/motor_driver.elf.dir/Drivers/STM32F3xx_HAL_Driver/Src/stm32f3xx_hal_tim.c.obj
 .text.TIM_TI1_ConfigInputStage
                0x0000000008002cd8       0x5c CMakeFiles/motor_driver.elf.dir/Drivers/STM32F3xx_HAL_Driver/Src/stm32f3xx_hal_tim.c.obj
 .text.TIM_TI2_ConfigInputStage
                0x0000000008002d34       0x5e CMakeFiles/motor_driver.elf.dir/Drivers/STM32F3xx_HAL_Driver/Src/stm32f3xx_hal_tim.c.obj
 .text.TIM_ITRx_SetConfig
                0x0000000008002d92       0x34 CMakeFiles/motor_driver.elf.dir/Drivers/STM32F3xx_HAL_Driver/Src/stm32f3xx_hal_tim.c.obj
 .text.TIM_ETR_SetConfig
                0x0000000008002dc6       0x3e CMakeFiles/motor_driver.elf.dir/Drivers/STM32F3xx_HAL_Driver/Src/stm32f3xx_hal_tim.c.obj
                0x0000000008002dc6                TIM_ETR_SetConfig
 .text.TIM_CCxChannelCmd
                0x0000000008002e04       0x48 CMakeFiles/motor_driver.elf.dir/Drivers/STM32F3xx_HAL_Driver/Src/stm32f3xx_hal_tim.c.obj
                0x0000000008002e04                TIM_CCxChannelCmd
 .text.HAL_TIMEx_MasterConfigSynchronization
                0x0000000008002e4c       0xd8 CMakeFiles/motor_driver.elf.dir/Drivers/STM32F3xx_HAL_Driver/Src/stm32f3xx_hal_tim_ex.c.obj
                0x0000000008002e4c                HAL_TIMEx_MasterConfigSynchronization
 .text.HAL_TIMEx_ConfigBreakDeadTime
                0x0000000008002f24       0xec CMakeFiles/motor_driver.elf.dir/Drivers/STM32F3xx_HAL_Driver/Src/stm32f3xx_hal_tim_ex.c.obj
                0x0000000008002f24                HAL_TIMEx_ConfigBreakDeadTime
 .text.HAL_UART_Init
                0x0000000008003010       0x9c CMakeFiles/motor_driver.elf.dir/Drivers/STM32F3xx_HAL_Driver/Src/stm32f3xx_hal_uart.c.obj
                0x0000000008003010                HAL_UART_Init
 .text.UART_SetConfig
                0x00000000080030ac      0x304 CMakeFiles/motor_driver.elf.dir/Drivers/STM32F3xx_HAL_Driver/Src/stm32f3xx_hal_uart.c.obj
                0x00000000080030ac                UART_SetConfig
 .text.UART_AdvFeatureConfig
                0x00000000080033b0      0x142 CMakeFiles/motor_driver.elf.dir/Drivers/STM32F3xx_HAL_Driver/Src/stm32f3xx_hal_uart.c.obj
                0x00000000080033b0                UART_AdvFeatureConfig
 .text.UART_CheckIdleState
                0x00000000080034f2       0x8a CMakeFiles/motor_driver.elf.dir/Drivers/STM32F3xx_HAL_Driver/Src/stm32f3xx_hal_uart.c.obj
                0x00000000080034f2                UART_CheckIdleState
 .text.UART_WaitOnFlagUntilTimeout
                0x000000000800357c       0xf6 CMakeFiles/motor_driver.elf.dir/Drivers/STM32F3xx_HAL_Driver/Src/stm32f3xx_hal_uart.c.obj
                0x000000000800357c                UART_WaitOnFlagUntilTimeout
 *fill*         0x0000000008003672        0x2 
 .text.MX_GPIO_Init
                0x0000000008003674      0x14c CMakeFiles/motor_driver.elf.dir/Src/gpio.c.obj
                0x0000000008003674                MX_GPIO_Init
 .text.MX_I2C1_Init
                0x00000000080037c0       0x80 CMakeFiles/motor_driver.elf.dir/Src/i2c.c.obj
                0x00000000080037c0                MX_I2C1_Init
 .text.HAL_I2C_MspInit
                0x0000000008003840       0x88 CMakeFiles/motor_driver.elf.dir/Src/i2c.c.obj
                0x0000000008003840                HAL_I2C_MspInit
 .text.main     0x00000000080038c8       0xb2 CMakeFiles/motor_driver.elf.dir/Src/main.c.obj
                0x00000000080038c8                main
 .text.SystemClock_Config
                0x000000000800397a       0xb6 CMakeFiles/motor_driver.elf.dir/Src/main.c.obj
                0x000000000800397a                SystemClock_Config
 .text.Error_Handler
                0x0000000008003a30        0xc CMakeFiles/motor_driver.elf.dir/Src/main.c.obj
                0x0000000008003a30                Error_Handler
 .text.pwm_init
                0x0000000008003a3c       0x2c CMakeFiles/motor_driver.elf.dir/Src/motor_driver.c.obj
                0x0000000008003a3c                pwm_init
 .text.analogWrite
                0x0000000008003a68       0x60 CMakeFiles/motor_driver.elf.dir/Src/motor_driver.c.obj
                0x0000000008003a68                analogWrite
 .text.moveRightMotor
                0x0000000008003ac8       0x42 CMakeFiles/motor_driver.elf.dir/Src/motor_driver.c.obj
                0x0000000008003ac8                moveRightMotor
 *fill*         0x0000000008003b0a        0x2 
 .text.MX_SPI1_Init
                0x0000000008003b0c       0x7c CMakeFiles/motor_driver.elf.dir/Src/spi.c.obj
                0x0000000008003b0c                MX_SPI1_Init
 .text.HAL_SPI_MspInit
                0x0000000008003b88       0x84 CMakeFiles/motor_driver.elf.dir/Src/spi.c.obj
                0x0000000008003b88                HAL_SPI_MspInit
 .text.HAL_MspInit
                0x0000000008003c0c       0x44 CMakeFiles/motor_driver.elf.dir/Src/stm32f3xx_hal_msp.c.obj
                0x0000000008003c0c                HAL_MspInit
 .text.NMI_Handler
                0x0000000008003c50        0xc CMakeFiles/motor_driver.elf.dir/Src/stm32f3xx_it.c.obj
                0x0000000008003c50                NMI_Handler
 .text.HardFault_Handler
                0x0000000008003c5c        0x6 CMakeFiles/motor_driver.elf.dir/Src/stm32f3xx_it.c.obj
                0x0000000008003c5c                HardFault_Handler
 .text.MemManage_Handler
                0x0000000008003c62        0x6 CMakeFiles/motor_driver.elf.dir/Src/stm32f3xx_it.c.obj
                0x0000000008003c62                MemManage_Handler
 .text.BusFault_Handler
                0x0000000008003c68        0x6 CMakeFiles/motor_driver.elf.dir/Src/stm32f3xx_it.c.obj
                0x0000000008003c68                BusFault_Handler
 .text.UsageFault_Handler
                0x0000000008003c6e        0x6 CMakeFiles/motor_driver.elf.dir/Src/stm32f3xx_it.c.obj
                0x0000000008003c6e                UsageFault_Handler
 .text.SVC_Handler
                0x0000000008003c74        0xc CMakeFiles/motor_driver.elf.dir/Src/stm32f3xx_it.c.obj
                0x0000000008003c74                SVC_Handler
 .text.DebugMon_Handler
                0x0000000008003c80        0xc CMakeFiles/motor_driver.elf.dir/Src/stm32f3xx_it.c.obj
                0x0000000008003c80                DebugMon_Handler
 .text.PendSV_Handler
                0x0000000008003c8c        0xc CMakeFiles/motor_driver.elf.dir/Src/stm32f3xx_it.c.obj
                0x0000000008003c8c                PendSV_Handler
 .text.SysTick_Handler
                0x0000000008003c98        0xc CMakeFiles/motor_driver.elf.dir/Src/stm32f3xx_it.c.obj
                0x0000000008003c98                SysTick_Handler
 .text.EXTI0_IRQHandler
                0x0000000008003ca4        0xe CMakeFiles/motor_driver.elf.dir/Src/stm32f3xx_it.c.obj
                0x0000000008003ca4                EXTI0_IRQHandler
 .text.EXTI1_IRQHandler
                0x0000000008003cb2        0xe CMakeFiles/motor_driver.elf.dir/Src/stm32f3xx_it.c.obj
                0x0000000008003cb2                EXTI1_IRQHandler
 .text.SystemInit
                0x0000000008003cc0       0x18 CMakeFiles/motor_driver.elf.dir/Src/system_stm32f3xx.c.obj
                0x0000000008003cc0                SystemInit
 .text.MX_TIM1_Init
                0x0000000008003cd8      0x1a0 CMakeFiles/motor_driver.elf.dir/Src/tim.c.obj
                0x0000000008003cd8                MX_TIM1_Init
 .text.MX_TIM2_Init
                0x0000000008003e78       0x98 CMakeFiles/motor_driver.elf.dir/Src/tim.c.obj
                0x0000000008003e78                MX_TIM2_Init
 .text.HAL_TIM_Base_MspInit
                0x0000000008003f10       0x60 CMakeFiles/motor_driver.elf.dir/Src/tim.c.obj
                0x0000000008003f10                HAL_TIM_Base_MspInit
 .text.HAL_TIM_MspPostInit
                0x0000000008003f70       0x94 CMakeFiles/motor_driver.elf.dir/Src/tim.c.obj
                0x0000000008003f70                HAL_TIM_MspPostInit
 .text.MX_USART2_UART_Init
                0x0000000008004004       0x60 CMakeFiles/motor_driver.elf.dir/Src/usart.c.obj
                0x0000000008004004                MX_USART2_UART_Init
 .text.HAL_UART_MspInit
                0x0000000008004064       0x84 CMakeFiles/motor_driver.elf.dir/Src/usart.c.obj
                0x0000000008004064                HAL_UART_MspInit
 .text.Reset_Handler
                0x00000000080040e8       0x50 CMakeFiles/motor_driver.elf.dir/startup/startup_stm32f303x8.s.obj
                0x00000000080040e8                Reset_Handler
 .text.Default_Handler
                0x0000000008004138        0x2 CMakeFiles/motor_driver.elf.dir/startup/startup_stm32f303x8.s.obj
                0x0000000008004138                RTC_Alarm_IRQHandler
                0x0000000008004138                TIM1_CC_IRQHandler
                0x0000000008004138                PVD_IRQHandler
                0x0000000008004138                TAMP_STAMP_IRQHandler
                0x0000000008004138                EXTI3_IRQHandler
                0x0000000008004138                FPU_IRQHandler
                0x0000000008004138                CAN_TX_IRQHandler
                0x0000000008004138                TIM1_UP_TIM16_IRQHandler
                0x0000000008004138                ADC1_2_IRQHandler
                0x0000000008004138                SPI1_IRQHandler
                0x0000000008004138                CAN_SCE_IRQHandler
                0x0000000008004138                DMA1_Channel4_IRQHandler
                0x0000000008004138                USART3_IRQHandler
                0x0000000008004138                DMA1_Channel7_IRQHandler
                0x0000000008004138                TIM7_DAC2_IRQHandler
                0x0000000008004138                CAN_RX1_IRQHandler
                0x0000000008004138                I2C1_EV_IRQHandler
                0x0000000008004138                DMA1_Channel6_IRQHandler
                0x0000000008004138                TIM3_IRQHandler
                0x0000000008004138                RCC_IRQHandler
                0x0000000008004138                DMA1_Channel1_IRQHandler
                0x0000000008004138                Default_Handler
                0x0000000008004138                EXTI15_10_IRQHandler
                0x0000000008004138                COMP2_IRQHandler
                0x0000000008004138                TIM6_DAC1_IRQHandler
                0x0000000008004138                EXTI9_5_IRQHandler
                0x0000000008004138                RTC_WKUP_IRQHandler
                0x0000000008004138                DMA1_Channel5_IRQHandler
                0x0000000008004138                EXTI4_IRQHandler
                0x0000000008004138                TIM1_TRG_COM_TIM17_IRQHandler
                0x0000000008004138                DMA1_Channel3_IRQHandler
                0x0000000008004138                WWDG_IRQHandler
                0x0000000008004138                TIM2_IRQHandler
                0x0000000008004138                COMP4_6_IRQHandler
                0x0000000008004138                USART2_IRQHandler
                0x0000000008004138                DMA1_Channel2_IRQHandler
                0x0000000008004138                FLASH_IRQHandler
                0x0000000008004138                USART1_IRQHandler
                0x0000000008004138                CAN_RX0_IRQHandler
                0x0000000008004138                I2C1_ER_IRQHandler
                0x0000000008004138                EXTI2_TSC_IRQHandler
                0x0000000008004138                TIM1_BRK_TIM15_IRQHandler
 *(.glue_7)
 .glue_7        0x000000000800413a        0x0 linker stubs
 *(.glue_7t)
 .glue_7t       0x000000000800413a        0x0 linker stubs
 *(.eh_frame)
 *fill*         0x000000000800413a        0x2 
 .eh_frame      0x000000000800413c        0x0 /usr/lib/gcc/arm-none-eabi/6.3.1/thumb/v7e-m/crtbegin.o
 *(.init)
 .init          0x000000000800413c        0x4 /usr/lib/gcc/arm-none-eabi/6.3.1/thumb/v7e-m/crti.o
                0x000000000800413c                _init
 .init          0x0000000008004140        0x8 /usr/lib/gcc/arm-none-eabi/6.3.1/thumb/v7e-m/crtn.o
 *(.fini)
 .fini          0x0000000008004148        0x4 /usr/lib/gcc/arm-none-eabi/6.3.1/thumb/v7e-m/crti.o
                0x0000000008004148                _fini
 .fini          0x000000000800414c        0x8 /usr/lib/gcc/arm-none-eabi/6.3.1/thumb/v7e-m/crtn.o
                0x0000000008004154                . = ALIGN (0x4)
                0x0000000008004154                _etext = .

.vfp11_veneer   0x0000000008004154        0x0
 .vfp11_veneer  0x0000000008004154        0x0 linker stubs

.v4_bx          0x0000000008004154        0x0
 .v4_bx         0x0000000008004154        0x0 linker stubs

.iplt           0x0000000008004154        0x0
 .iplt          0x0000000008004154        0x0 /usr/lib/gcc/arm-none-eabi/6.3.1/thumb/v7e-m/crtbegin.o

.rodata         0x0000000008004154       0x38
                0x0000000008004154                . = ALIGN (0x4)
 *(.rodata)
 *(.rodata*)
 .rodata.aPLLMULFactorTable
                0x0000000008004154       0x10 CMakeFiles/motor_driver.elf.dir/Drivers/STM32F3xx_HAL_Driver/Src/stm32f3xx_hal_rcc.c.obj
                0x0000000008004154                aPLLMULFactorTable
 .rodata.aPredivFactorTable
                0x0000000008004164       0x10 CMakeFiles/motor_driver.elf.dir/Drivers/STM32F3xx_HAL_Driver/Src/stm32f3xx_hal_rcc.c.obj
                0x0000000008004164                aPredivFactorTable
 .rodata.AHBPrescTable
                0x0000000008004174       0x10 CMakeFiles/motor_driver.elf.dir/Src/system_stm32f3xx.c.obj
                0x0000000008004174                AHBPrescTable
 .rodata.APBPrescTable
                0x0000000008004184        0x8 CMakeFiles/motor_driver.elf.dir/Src/system_stm32f3xx.c.obj
                0x0000000008004184                APBPrescTable
                0x000000000800418c                . = ALIGN (0x4)

.rel.dyn        0x000000000800418c        0x0
 .rel.iplt      0x000000000800418c        0x0 /usr/lib/gcc/arm-none-eabi/6.3.1/thumb/v7e-m/crtbegin.o

.ARM.extab
 *(.ARM.extab* .gnu.linkonce.armextab.*)

.ARM            0x000000000800418c        0x0
                0x000000000800418c                __exidx_start = .
 *(.ARM.exidx*)
                0x000000000800418c                __exidx_end = .

.preinit_array  0x000000000800418c        0x0
                0x000000000800418c                PROVIDE (__preinit_array_start, .)
 *(.preinit_array*)
                0x000000000800418c                PROVIDE (__preinit_array_end, .)

.init_array     0x000000000800418c        0x4
                0x000000000800418c                PROVIDE (__init_array_start, .)
 *(SORT(.init_array.*))
 *(.init_array*)
 .init_array    0x000000000800418c        0x4 /usr/lib/gcc/arm-none-eabi/6.3.1/thumb/v7e-m/crtbegin.o
                0x0000000008004190                PROVIDE (__init_array_end, .)

.fini_array     0x0000000008004190        0x4
                0x0000000008004190                PROVIDE (__fini_array_start, .)
 *(SORT(.fini_array.*))
 *(.fini_array*)
 .fini_array    0x0000000008004190        0x4 /usr/lib/gcc/arm-none-eabi/6.3.1/thumb/v7e-m/crtbegin.o
                0x0000000008004194                PROVIDE (__fini_array_end, .)
                0x0000000008004194                _sidata = LOADADDR (.data)

.data           0x0000000020000000        0xc load address 0x0000000008004194
                0x0000000020000000                . = ALIGN (0x4)
                0x0000000020000000                _sdata = .
 *(.data)
 *(.data*)
 .data.uwTickPrio
                0x0000000020000000        0x4 CMakeFiles/motor_driver.elf.dir/Drivers/STM32F3xx_HAL_Driver/Src/stm32f3xx_hal.c.obj
                0x0000000020000000                uwTickPrio
 .data.uwTickFreq
                0x0000000020000004        0x1 CMakeFiles/motor_driver.elf.dir/Drivers/STM32F3xx_HAL_Driver/Src/stm32f3xx_hal.c.obj
                0x0000000020000004                uwTickFreq
 *fill*         0x0000000020000005        0x3 
 .data.SystemCoreClock
                0x0000000020000008        0x4 CMakeFiles/motor_driver.elf.dir/Src/system_stm32f3xx.c.obj
                0x0000000020000008                SystemCoreClock
                0x000000002000000c                . = ALIGN (0x4)
                0x000000002000000c                _edata = .
                0x00000000080041a0                _siccmram = LOADADDR (.ccmram)

.jcr            0x000000002000000c        0x0 load address 0x00000000080041a0
 .jcr           0x000000002000000c        0x0 /usr/lib/gcc/arm-none-eabi/6.3.1/thumb/v7e-m/crtbegin.o

.tm_clone_table
                0x000000002000000c        0x0 load address 0x00000000080041a0
 .tm_clone_table
                0x000000002000000c        0x0 /usr/lib/gcc/arm-none-eabi/6.3.1/thumb/v7e-m/crtbegin.o
 .tm_clone_table
                0x000000002000000c        0x0 /usr/lib/gcc/arm-none-eabi/6.3.1/thumb/v7e-m/crtend.o

.igot.plt       0x000000002000000c        0x0 load address 0x00000000080041a0
 .igot.plt      0x000000002000000c        0x0 /usr/lib/gcc/arm-none-eabi/6.3.1/thumb/v7e-m/crtbegin.o

.ccmram         0x0000000010000000        0x0 load address 0x00000000080041a0
                0x0000000010000000                . = ALIGN (0x4)
                0x0000000010000000                _sccmram = .
 *(.ccmram)
 *(.ccmram*)
                0x0000000010000000                . = ALIGN (0x4)
                0x0000000010000000                _eccmram = .
                0x0000000010000000                . = ALIGN (0x4)

.bss            0x000000002000000c      0x1d0
                0x000000002000000c                _sbss = .
                0x000000002000000c                __bss_start__ = _sbss
 *(.bss)
 .bss           0x000000002000000c       0x1c /usr/lib/gcc/arm-none-eabi/6.3.1/thumb/v7e-m/crtbegin.o
 *(.bss*)
 .bss.uwTick    0x0000000020000028        0x4 CMakeFiles/motor_driver.elf.dir/Drivers/STM32F3xx_HAL_Driver/Src/stm32f3xx_hal.c.obj
                0x0000000020000028                uwTick
 .bss.hi2c1     0x000000002000002c       0x4c CMakeFiles/motor_driver.elf.dir/Src/i2c.c.obj
                0x000000002000002c                hi2c1
 .bss.hspi1     0x0000000020000078       0x64 CMakeFiles/motor_driver.elf.dir/Src/spi.c.obj
                0x0000000020000078                hspi1
 .bss.htim1     0x00000000200000dc       0x40 CMakeFiles/motor_driver.elf.dir/Src/tim.c.obj
                0x00000000200000dc                htim1
 .bss.htim2     0x000000002000011c       0x40 CMakeFiles/motor_driver.elf.dir/Src/tim.c.obj
                0x000000002000011c                htim2
 .bss.huart2    0x000000002000015c       0x80 CMakeFiles/motor_driver.elf.dir/Src/usart.c.obj
                0x000000002000015c                huart2
 *(COMMON)
                0x00000000200001dc                . = ALIGN (0x4)
                0x00000000200001dc                _ebss = .
                0x00000000200001dc                __bss_end__ = _ebss

._user_heap_stack
                0x00000000200001dc      0x604
                0x00000000200001e0                . = ALIGN (0x8)
 *fill*         0x00000000200001dc        0x4 
                0x00000000200001e0                PROVIDE (end, .)
                [!provide]                        PROVIDE (_end, .)
                0x00000000200003e0                . = (. + _Min_Heap_Size)
 *fill*         0x00000000200001e0      0x200 
                0x00000000200007e0                . = (. + _Min_Stack_Size)
 *fill*         0x00000000200003e0      0x400 
                0x00000000200007e0                . = ALIGN (0x8)

/DISCARD/
 libc.a(*)
 libm.a(*)
 libgcc.a(*)

.ARM.attributes
                0x0000000000000000       0x2a
 *(.ARM.attributes)
 .ARM.attributes
                0x0000000000000000       0x1e /usr/lib/gcc/arm-none-eabi/6.3.1/thumb/v7e-m/crti.o
 .ARM.attributes
                0x000000000000001e       0x2e /usr/lib/gcc/arm-none-eabi/6.3.1/thumb/v7e-m/crtbegin.o
 .ARM.attributes
                0x000000000000004c       0x33 CMakeFiles/motor_driver.elf.dir/Drivers/STM32F3xx_HAL_Driver/Src/stm32f3xx_hal.c.obj
 .ARM.attributes
                0x000000000000007f       0x33 CMakeFiles/motor_driver.elf.dir/Drivers/STM32F3xx_HAL_Driver/Src/stm32f3xx_hal_cortex.c.obj
 .ARM.attributes
                0x00000000000000b2       0x33 CMakeFiles/motor_driver.elf.dir/Drivers/STM32F3xx_HAL_Driver/Src/stm32f3xx_hal_gpio.c.obj
 .ARM.attributes
                0x00000000000000e5       0x33 CMakeFiles/motor_driver.elf.dir/Drivers/STM32F3xx_HAL_Driver/Src/stm32f3xx_hal_i2c.c.obj
 .ARM.attributes
                0x0000000000000118       0x33 CMakeFiles/motor_driver.elf.dir/Drivers/STM32F3xx_HAL_Driver/Src/stm32f3xx_hal_i2c_ex.c.obj
 .ARM.attributes
                0x000000000000014b       0x33 CMakeFiles/motor_driver.elf.dir/Drivers/STM32F3xx_HAL_Driver/Src/stm32f3xx_hal_rcc.c.obj
 .ARM.attributes
                0x000000000000017e       0x33 CMakeFiles/motor_driver.elf.dir/Drivers/STM32F3xx_HAL_Driver/Src/stm32f3xx_hal_rcc_ex.c.obj
 .ARM.attributes
                0x00000000000001b1       0x33 CMakeFiles/motor_driver.elf.dir/Drivers/STM32F3xx_HAL_Driver/Src/stm32f3xx_hal_spi.c.obj
 .ARM.attributes
                0x00000000000001e4       0x33 CMakeFiles/motor_driver.elf.dir/Drivers/STM32F3xx_HAL_Driver/Src/stm32f3xx_hal_tim.c.obj
 .ARM.attributes
                0x0000000000000217       0x33 CMakeFiles/motor_driver.elf.dir/Drivers/STM32F3xx_HAL_Driver/Src/stm32f3xx_hal_tim_ex.c.obj
 .ARM.attributes
                0x000000000000024a       0x33 CMakeFiles/motor_driver.elf.dir/Drivers/STM32F3xx_HAL_Driver/Src/stm32f3xx_hal_uart.c.obj
 .ARM.attributes
                0x000000000000027d       0x33 CMakeFiles/motor_driver.elf.dir/Src/gpio.c.obj
 .ARM.attributes
                0x00000000000002b0       0x33 CMakeFiles/motor_driver.elf.dir/Src/i2c.c.obj
 .ARM.attributes
                0x00000000000002e3       0x33 CMakeFiles/motor_driver.elf.dir/Src/main.c.obj
 .ARM.attributes
                0x0000000000000316       0x33 CMakeFiles/motor_driver.elf.dir/Src/motor_driver.c.obj
 .ARM.attributes
                0x0000000000000349       0x33 CMakeFiles/motor_driver.elf.dir/Src/spi.c.obj
 .ARM.attributes
                0x000000000000037c       0x33 CMakeFiles/motor_driver.elf.dir/Src/stm32f3xx_hal_msp.c.obj
 .ARM.attributes
                0x00000000000003af       0x33 CMakeFiles/motor_driver.elf.dir/Src/stm32f3xx_it.c.obj
 .ARM.attributes
                0x00000000000003e2       0x33 CMakeFiles/motor_driver.elf.dir/Src/system_stm32f3xx.c.obj
 .ARM.attributes
                0x0000000000000415       0x33 CMakeFiles/motor_driver.elf.dir/Src/tim.c.obj
 .ARM.attributes
                0x0000000000000448       0x33 CMakeFiles/motor_driver.elf.dir/Src/usart.c.obj
 .ARM.attributes
                0x000000000000047b       0x21 CMakeFiles/motor_driver.elf.dir/startup/startup_stm32f303x8.s.obj
 .ARM.attributes
                0x000000000000049c       0x2e /usr/lib/gcc/arm-none-eabi/6.3.1/../../../arm-none-eabi/lib/thumb/v7e-m/libg_nano.a(lib_a-init.o)
 .ARM.attributes
                0x00000000000004ca       0x2e /usr/lib/gcc/arm-none-eabi/6.3.1/../../../arm-none-eabi/lib/thumb/v7e-m/libg_nano.a(lib_a-memset.o)
 .ARM.attributes
                0x00000000000004f8       0x2e /usr/lib/gcc/arm-none-eabi/6.3.1/thumb/v7e-m/crtend.o
 .ARM.attributes
                0x0000000000000526       0x1e /usr/lib/gcc/arm-none-eabi/6.3.1/thumb/v7e-m/crtn.o
OUTPUT(motor_driver.elf elf32-littlearm)

.comment        0x0000000000000000       0x31
 .comment       0x0000000000000000       0x31 /usr/lib/gcc/arm-none-eabi/6.3.1/thumb/v7e-m/crtbegin.o
                                         0x32 (size before relaxing)
 .comment       0x0000000000000031       0x32 CMakeFiles/motor_driver.elf.dir/Drivers/STM32F3xx_HAL_Driver/Src/stm32f3xx_hal.c.obj
 .comment       0x0000000000000031       0x32 CMakeFiles/motor_driver.elf.dir/Drivers/STM32F3xx_HAL_Driver/Src/stm32f3xx_hal_cortex.c.obj
 .comment       0x0000000000000031       0x32 CMakeFiles/motor_driver.elf.dir/Drivers/STM32F3xx_HAL_Driver/Src/stm32f3xx_hal_gpio.c.obj
 .comment       0x0000000000000031       0x32 CMakeFiles/motor_driver.elf.dir/Drivers/STM32F3xx_HAL_Driver/Src/stm32f3xx_hal_i2c.c.obj
 .comment       0x0000000000000031       0x32 CMakeFiles/motor_driver.elf.dir/Drivers/STM32F3xx_HAL_Driver/Src/stm32f3xx_hal_i2c_ex.c.obj
 .comment       0x0000000000000031       0x32 CMakeFiles/motor_driver.elf.dir/Drivers/STM32F3xx_HAL_Driver/Src/stm32f3xx_hal_rcc.c.obj
 .comment       0x0000000000000031       0x32 CMakeFiles/motor_driver.elf.dir/Drivers/STM32F3xx_HAL_Driver/Src/stm32f3xx_hal_rcc_ex.c.obj
 .comment       0x0000000000000031       0x32 CMakeFiles/motor_driver.elf.dir/Drivers/STM32F3xx_HAL_Driver/Src/stm32f3xx_hal_spi.c.obj
 .comment       0x0000000000000031       0x32 CMakeFiles/motor_driver.elf.dir/Drivers/STM32F3xx_HAL_Driver/Src/stm32f3xx_hal_tim.c.obj
 .comment       0x0000000000000031       0x32 CMakeFiles/motor_driver.elf.dir/Drivers/STM32F3xx_HAL_Driver/Src/stm32f3xx_hal_tim_ex.c.obj
 .comment       0x0000000000000031       0x32 CMakeFiles/motor_driver.elf.dir/Drivers/STM32F3xx_HAL_Driver/Src/stm32f3xx_hal_uart.c.obj
 .comment       0x0000000000000031       0x32 CMakeFiles/motor_driver.elf.dir/Src/gpio.c.obj
 .comment       0x0000000000000031       0x32 CMakeFiles/motor_driver.elf.dir/Src/i2c.c.obj
 .comment       0x0000000000000031       0x32 CMakeFiles/motor_driver.elf.dir/Src/main.c.obj
 .comment       0x0000000000000031       0x32 CMakeFiles/motor_driver.elf.dir/Src/motor_driver.c.obj
 .comment       0x0000000000000031       0x32 CMakeFiles/motor_driver.elf.dir/Src/spi.c.obj
 .comment       0x0000000000000031       0x32 CMakeFiles/motor_driver.elf.dir/Src/stm32f3xx_hal_msp.c.obj
 .comment       0x0000000000000031       0x32 CMakeFiles/motor_driver.elf.dir/Src/stm32f3xx_it.c.obj
 .comment       0x0000000000000031       0x32 CMakeFiles/motor_driver.elf.dir/Src/system_stm32f3xx.c.obj
 .comment       0x0000000000000031       0x32 CMakeFiles/motor_driver.elf.dir/Src/tim.c.obj
 .comment       0x0000000000000031       0x32 CMakeFiles/motor_driver.elf.dir/Src/usart.c.obj
 .comment       0x0000000000000031       0x32 /usr/lib/gcc/arm-none-eabi/6.3.1/../../../arm-none-eabi/lib/thumb/v7e-m/libg_nano.a(lib_a-init.o)
 .comment       0x0000000000000031       0x32 /usr/lib/gcc/arm-none-eabi/6.3.1/../../../arm-none-eabi/lib/thumb/v7e-m/libg_nano.a(lib_a-memset.o)
 .comment       0x0000000000000031       0x32 /usr/lib/gcc/arm-none-eabi/6.3.1/thumb/v7e-m/crtend.o

.debug_info     0x0000000000000000    0x11b22
 .debug_info    0x0000000000000000      0x74d CMakeFiles/motor_driver.elf.dir/Drivers/STM32F3xx_HAL_Driver/Src/stm32f3xx_hal.c.obj
 .debug_info    0x000000000000074d      0xb4a CMakeFiles/motor_driver.elf.dir/Drivers/STM32F3xx_HAL_Driver/Src/stm32f3xx_hal_cortex.c.obj
 .debug_info    0x0000000000001297      0x7a7 CMakeFiles/motor_driver.elf.dir/Drivers/STM32F3xx_HAL_Driver/Src/stm32f3xx_hal_gpio.c.obj
 .debug_info    0x0000000000001a3e     0x1f56 CMakeFiles/motor_driver.elf.dir/Drivers/STM32F3xx_HAL_Driver/Src/stm32f3xx_hal_i2c.c.obj
 .debug_info    0x0000000000003994      0x986 CMakeFiles/motor_driver.elf.dir/Drivers/STM32F3xx_HAL_Driver/Src/stm32f3xx_hal_i2c_ex.c.obj
 .debug_info    0x000000000000431a     0x1803 CMakeFiles/motor_driver.elf.dir/Drivers/STM32F3xx_HAL_Driver/Src/stm32f3xx_hal_rcc.c.obj
 .debug_info    0x0000000000005b1d      0x606 CMakeFiles/motor_driver.elf.dir/Drivers/STM32F3xx_HAL_Driver/Src/stm32f3xx_hal_rcc_ex.c.obj
 .debug_info    0x0000000000006123     0x15fd CMakeFiles/motor_driver.elf.dir/Drivers/STM32F3xx_HAL_Driver/Src/stm32f3xx_hal_spi.c.obj
 .debug_info    0x0000000000007720     0x2638 CMakeFiles/motor_driver.elf.dir/Drivers/STM32F3xx_HAL_Driver/Src/stm32f3xx_hal_tim.c.obj
 .debug_info    0x0000000000009d58     0x11c8 CMakeFiles/motor_driver.elf.dir/Drivers/STM32F3xx_HAL_Driver/Src/stm32f3xx_hal_tim_ex.c.obj
 .debug_info    0x000000000000af20     0x1584 CMakeFiles/motor_driver.elf.dir/Drivers/STM32F3xx_HAL_Driver/Src/stm32f3xx_hal_uart.c.obj
 .debug_info    0x000000000000c4a4      0x50a CMakeFiles/motor_driver.elf.dir/Src/gpio.c.obj
 .debug_info    0x000000000000c9ae      0x8dd CMakeFiles/motor_driver.elf.dir/Src/i2c.c.obj
 .debug_info    0x000000000000d28b     0x10c1 CMakeFiles/motor_driver.elf.dir/Src/main.c.obj
 .debug_info    0x000000000000e34c      0x764 CMakeFiles/motor_driver.elf.dir/Src/motor_driver.c.obj
 .debug_info    0x000000000000eab0      0x88f CMakeFiles/motor_driver.elf.dir/Src/spi.c.obj
 .debug_info    0x000000000000f33f      0x26f CMakeFiles/motor_driver.elf.dir/Src/stm32f3xx_hal_msp.c.obj
 .debug_info    0x000000000000f5ae      0x23c CMakeFiles/motor_driver.elf.dir/Src/stm32f3xx_it.c.obj
 .debug_info    0x000000000000f7ea      0x453 CMakeFiles/motor_driver.elf.dir/Src/system_stm32f3xx.c.obj
 .debug_info    0x000000000000fc3d      0xb0f CMakeFiles/motor_driver.elf.dir/Src/tim.c.obj
 .debug_info    0x000000000001074c      0x90a CMakeFiles/motor_driver.elf.dir/Src/usart.c.obj
 .debug_info    0x0000000000011056       0xa6 CMakeFiles/motor_driver.elf.dir/startup/startup_stm32f303x8.s.obj
 .debug_info    0x00000000000110fc      0x110 /usr/lib/gcc/arm-none-eabi/6.3.1/../../../arm-none-eabi/lib/thumb/v7e-m/libg_nano.a(lib_a-init.o)
 .debug_info    0x000000000001120c      0x916 /usr/lib/gcc/arm-none-eabi/6.3.1/../../../arm-none-eabi/lib/thumb/v7e-m/libg_nano.a(lib_a-memset.o)

.debug_abbrev   0x0000000000000000     0x272c
 .debug_abbrev  0x0000000000000000      0x1c0 CMakeFiles/motor_driver.elf.dir/Drivers/STM32F3xx_HAL_Driver/Src/stm32f3xx_hal.c.obj
 .debug_abbrev  0x00000000000001c0      0x2ce CMakeFiles/motor_driver.elf.dir/Drivers/STM32F3xx_HAL_Driver/Src/stm32f3xx_hal_cortex.c.obj
 .debug_abbrev  0x000000000000048e      0x1b9 CMakeFiles/motor_driver.elf.dir/Drivers/STM32F3xx_HAL_Driver/Src/stm32f3xx_hal_gpio.c.obj
 .debug_abbrev  0x0000000000000647      0x223 CMakeFiles/motor_driver.elf.dir/Drivers/STM32F3xx_HAL_Driver/Src/stm32f3xx_hal_i2c.c.obj
 .debug_abbrev  0x000000000000086a      0x1b2 CMakeFiles/motor_driver.elf.dir/Drivers/STM32F3xx_HAL_Driver/Src/stm32f3xx_hal_i2c_ex.c.obj
 .debug_abbrev  0x0000000000000a1c      0x285 CMakeFiles/motor_driver.elf.dir/Drivers/STM32F3xx_HAL_Driver/Src/stm32f3xx_hal_rcc.c.obj
 .debug_abbrev  0x0000000000000ca1      0x201 CMakeFiles/motor_driver.elf.dir/Drivers/STM32F3xx_HAL_Driver/Src/stm32f3xx_hal_rcc_ex.c.obj
 .debug_abbrev  0x0000000000000ea2      0x221 CMakeFiles/motor_driver.elf.dir/Drivers/STM32F3xx_HAL_Driver/Src/stm32f3xx_hal_spi.c.obj
 .debug_abbrev  0x00000000000010c3      0x227 CMakeFiles/motor_driver.elf.dir/Drivers/STM32F3xx_HAL_Driver/Src/stm32f3xx_hal_tim.c.obj
 .debug_abbrev  0x00000000000012ea      0x215 CMakeFiles/motor_driver.elf.dir/Drivers/STM32F3xx_HAL_Driver/Src/stm32f3xx_hal_tim_ex.c.obj
 .debug_abbrev  0x00000000000014ff      0x1fe CMakeFiles/motor_driver.elf.dir/Drivers/STM32F3xx_HAL_Driver/Src/stm32f3xx_hal_uart.c.obj
 .debug_abbrev  0x00000000000016fd      0x136 CMakeFiles/motor_driver.elf.dir/Src/gpio.c.obj
 .debug_abbrev  0x0000000000001833      0x19d CMakeFiles/motor_driver.elf.dir/Src/i2c.c.obj
 .debug_abbrev  0x00000000000019d0      0x1b9 CMakeFiles/motor_driver.elf.dir/Src/main.c.obj
 .debug_abbrev  0x0000000000001b89      0x17c CMakeFiles/motor_driver.elf.dir/Src/motor_driver.c.obj
 .debug_abbrev  0x0000000000001d05      0x192 CMakeFiles/motor_driver.elf.dir/Src/spi.c.obj
 .debug_abbrev  0x0000000000001e97      0x102 CMakeFiles/motor_driver.elf.dir/Src/stm32f3xx_hal_msp.c.obj
 .debug_abbrev  0x0000000000001f99       0xbf CMakeFiles/motor_driver.elf.dir/Src/stm32f3xx_it.c.obj
 .debug_abbrev  0x0000000000002058      0x124 CMakeFiles/motor_driver.elf.dir/Src/system_stm32f3xx.c.obj
 .debug_abbrev  0x000000000000217c      0x1bb CMakeFiles/motor_driver.elf.dir/Src/tim.c.obj
 .debug_abbrev  0x0000000000002337      0x192 CMakeFiles/motor_driver.elf.dir/Src/usart.c.obj
 .debug_abbrev  0x00000000000024c9       0x12 CMakeFiles/motor_driver.elf.dir/startup/startup_stm32f303x8.s.obj
 .debug_abbrev  0x00000000000024db       0xba /usr/lib/gcc/arm-none-eabi/6.3.1/../../../arm-none-eabi/lib/thumb/v7e-m/libg_nano.a(lib_a-init.o)
 .debug_abbrev  0x0000000000002595      0x197 /usr/lib/gcc/arm-none-eabi/6.3.1/../../../arm-none-eabi/lib/thumb/v7e-m/libg_nano.a(lib_a-memset.o)

.debug_aranges  0x0000000000000000     0x1170
 .debug_aranges
                0x0000000000000000       0xe0 CMakeFiles/motor_driver.elf.dir/Drivers/STM32F3xx_HAL_Driver/Src/stm32f3xx_hal.c.obj
 .debug_aranges
                0x00000000000000e0      0x100 CMakeFiles/motor_driver.elf.dir/Drivers/STM32F3xx_HAL_Driver/Src/stm32f3xx_hal_cortex.c.obj
 .debug_aranges
                0x00000000000001e0       0x58 CMakeFiles/motor_driver.elf.dir/Drivers/STM32F3xx_HAL_Driver/Src/stm32f3xx_hal_gpio.c.obj
 .debug_aranges
                0x0000000000000238      0x288 CMakeFiles/motor_driver.elf.dir/Drivers/STM32F3xx_HAL_Driver/Src/stm32f3xx_hal_i2c.c.obj
 .debug_aranges
                0x00000000000004c0       0x48 CMakeFiles/motor_driver.elf.dir/Drivers/STM32F3xx_HAL_Driver/Src/stm32f3xx_hal_i2c_ex.c.obj
 .debug_aranges
                0x0000000000000508       0x88 CMakeFiles/motor_driver.elf.dir/Drivers/STM32F3xx_HAL_Driver/Src/stm32f3xx_hal_rcc.c.obj
 .debug_aranges
                0x0000000000000590       0x38 CMakeFiles/motor_driver.elf.dir/Drivers/STM32F3xx_HAL_Driver/Src/stm32f3xx_hal_rcc_ex.c.obj
 .debug_aranges
                0x00000000000005c8      0x1d8 CMakeFiles/motor_driver.elf.dir/Drivers/STM32F3xx_HAL_Driver/Src/stm32f3xx_hal_spi.c.obj
 .debug_aranges
                0x00000000000007a0      0x3c8 CMakeFiles/motor_driver.elf.dir/Drivers/STM32F3xx_HAL_Driver/Src/stm32f3xx_hal_tim.c.obj
 .debug_aranges
                0x0000000000000b68      0x160 CMakeFiles/motor_driver.elf.dir/Drivers/STM32F3xx_HAL_Driver/Src/stm32f3xx_hal_tim_ex.c.obj
 .debug_aranges
                0x0000000000000cc8      0x210 CMakeFiles/motor_driver.elf.dir/Drivers/STM32F3xx_HAL_Driver/Src/stm32f3xx_hal_uart.c.obj
 .debug_aranges
                0x0000000000000ed8       0x20 CMakeFiles/motor_driver.elf.dir/Src/gpio.c.obj
 .debug_aranges
                0x0000000000000ef8       0x30 CMakeFiles/motor_driver.elf.dir/Src/i2c.c.obj
 .debug_aranges
                0x0000000000000f28       0x30 CMakeFiles/motor_driver.elf.dir/Src/main.c.obj
 .debug_aranges
                0x0000000000000f58       0x58 CMakeFiles/motor_driver.elf.dir/Src/motor_driver.c.obj
 .debug_aranges
                0x0000000000000fb0       0x30 CMakeFiles/motor_driver.elf.dir/Src/spi.c.obj
 .debug_aranges
                0x0000000000000fe0       0x20 CMakeFiles/motor_driver.elf.dir/Src/stm32f3xx_hal_msp.c.obj
 .debug_aranges
                0x0000000000001000       0x70 CMakeFiles/motor_driver.elf.dir/Src/stm32f3xx_it.c.obj
 .debug_aranges
                0x0000000000001070       0x28 CMakeFiles/motor_driver.elf.dir/Src/system_stm32f3xx.c.obj
 .debug_aranges
                0x0000000000001098       0x40 CMakeFiles/motor_driver.elf.dir/Src/tim.c.obj
 .debug_aranges
                0x00000000000010d8       0x30 CMakeFiles/motor_driver.elf.dir/Src/usart.c.obj
 .debug_aranges
                0x0000000000001108       0x28 CMakeFiles/motor_driver.elf.dir/startup/startup_stm32f303x8.s.obj
 .debug_aranges
                0x0000000000001130       0x20 /usr/lib/gcc/arm-none-eabi/6.3.1/../../../arm-none-eabi/lib/thumb/v7e-m/libg_nano.a(lib_a-init.o)
 .debug_aranges
                0x0000000000001150       0x20 /usr/lib/gcc/arm-none-eabi/6.3.1/../../../arm-none-eabi/lib/thumb/v7e-m/libg_nano.a(lib_a-memset.o)

.debug_ranges   0x0000000000000000      0xfd8
 .debug_ranges  0x0000000000000000       0xd0 CMakeFiles/motor_driver.elf.dir/Drivers/STM32F3xx_HAL_Driver/Src/stm32f3xx_hal.c.obj
 .debug_ranges  0x00000000000000d0       0xf0 CMakeFiles/motor_driver.elf.dir/Drivers/STM32F3xx_HAL_Driver/Src/stm32f3xx_hal_cortex.c.obj
 .debug_ranges  0x00000000000001c0       0x48 CMakeFiles/motor_driver.elf.dir/Drivers/STM32F3xx_HAL_Driver/Src/stm32f3xx_hal_gpio.c.obj
 .debug_ranges  0x0000000000000208      0x278 CMakeFiles/motor_driver.elf.dir/Drivers/STM32F3xx_HAL_Driver/Src/stm32f3xx_hal_i2c.c.obj
 .debug_ranges  0x0000000000000480       0x38 CMakeFiles/motor_driver.elf.dir/Drivers/STM32F3xx_HAL_Driver/Src/stm32f3xx_hal_i2c_ex.c.obj
 .debug_ranges  0x00000000000004b8       0x78 CMakeFiles/motor_driver.elf.dir/Drivers/STM32F3xx_HAL_Driver/Src/stm32f3xx_hal_rcc.c.obj
 .debug_ranges  0x0000000000000530       0x28 CMakeFiles/motor_driver.elf.dir/Drivers/STM32F3xx_HAL_Driver/Src/stm32f3xx_hal_rcc_ex.c.obj
 .debug_ranges  0x0000000000000558      0x1c8 CMakeFiles/motor_driver.elf.dir/Drivers/STM32F3xx_HAL_Driver/Src/stm32f3xx_hal_spi.c.obj
 .debug_ranges  0x0000000000000720      0x3b8 CMakeFiles/motor_driver.elf.dir/Drivers/STM32F3xx_HAL_Driver/Src/stm32f3xx_hal_tim.c.obj
 .debug_ranges  0x0000000000000ad8      0x150 CMakeFiles/motor_driver.elf.dir/Drivers/STM32F3xx_HAL_Driver/Src/stm32f3xx_hal_tim_ex.c.obj
 .debug_ranges  0x0000000000000c28      0x200 CMakeFiles/motor_driver.elf.dir/Drivers/STM32F3xx_HAL_Driver/Src/stm32f3xx_hal_uart.c.obj
 .debug_ranges  0x0000000000000e28       0x10 CMakeFiles/motor_driver.elf.dir/Src/gpio.c.obj
 .debug_ranges  0x0000000000000e38       0x20 CMakeFiles/motor_driver.elf.dir/Src/i2c.c.obj
 .debug_ranges  0x0000000000000e58       0x20 CMakeFiles/motor_driver.elf.dir/Src/main.c.obj
 .debug_ranges  0x0000000000000e78       0x48 CMakeFiles/motor_driver.elf.dir/Src/motor_driver.c.obj
 .debug_ranges  0x0000000000000ec0       0x20 CMakeFiles/motor_driver.elf.dir/Src/spi.c.obj
 .debug_ranges  0x0000000000000ee0       0x10 CMakeFiles/motor_driver.elf.dir/Src/stm32f3xx_hal_msp.c.obj
 .debug_ranges  0x0000000000000ef0       0x60 CMakeFiles/motor_driver.elf.dir/Src/stm32f3xx_it.c.obj
 .debug_ranges  0x0000000000000f50       0x18 CMakeFiles/motor_driver.elf.dir/Src/system_stm32f3xx.c.obj
 .debug_ranges  0x0000000000000f68       0x30 CMakeFiles/motor_driver.elf.dir/Src/tim.c.obj
 .debug_ranges  0x0000000000000f98       0x20 CMakeFiles/motor_driver.elf.dir/Src/usart.c.obj
 .debug_ranges  0x0000000000000fb8       0x20 CMakeFiles/motor_driver.elf.dir/startup/startup_stm32f303x8.s.obj

.debug_line     0x0000000000000000     0x89de
 .debug_line    0x0000000000000000      0x3f2 CMakeFiles/motor_driver.elf.dir/Drivers/STM32F3xx_HAL_Driver/Src/stm32f3xx_hal.c.obj
 .debug_line    0x00000000000003f2      0x4c2 CMakeFiles/motor_driver.elf.dir/Drivers/STM32F3xx_HAL_Driver/Src/stm32f3xx_hal_cortex.c.obj
 .debug_line    0x00000000000008b4      0x3aa CMakeFiles/motor_driver.elf.dir/Drivers/STM32F3xx_HAL_Driver/Src/stm32f3xx_hal_gpio.c.obj
 .debug_line    0x0000000000000c5e     0x15c9 CMakeFiles/motor_driver.elf.dir/Drivers/STM32F3xx_HAL_Driver/Src/stm32f3xx_hal_i2c.c.obj
 .debug_line    0x0000000000002227      0x389 CMakeFiles/motor_driver.elf.dir/Drivers/STM32F3xx_HAL_Driver/Src/stm32f3xx_hal_i2c_ex.c.obj
 .debug_line    0x00000000000025b0      0x9b8 CMakeFiles/motor_driver.elf.dir/Drivers/STM32F3xx_HAL_Driver/Src/stm32f3xx_hal_rcc.c.obj
 .debug_line    0x0000000000002f68      0x3f5 CMakeFiles/motor_driver.elf.dir/Drivers/STM32F3xx_HAL_Driver/Src/stm32f3xx_hal_rcc_ex.c.obj
 .debug_line    0x000000000000335d      0xcca CMakeFiles/motor_driver.elf.dir/Drivers/STM32F3xx_HAL_Driver/Src/stm32f3xx_hal_spi.c.obj
 .debug_line    0x0000000000004027     0x165b CMakeFiles/motor_driver.elf.dir/Drivers/STM32F3xx_HAL_Driver/Src/stm32f3xx_hal_tim.c.obj
 .debug_line    0x0000000000005682      0x8f7 CMakeFiles/motor_driver.elf.dir/Drivers/STM32F3xx_HAL_Driver/Src/stm32f3xx_hal_tim_ex.c.obj
 .debug_line    0x0000000000005f79      0xd02 CMakeFiles/motor_driver.elf.dir/Drivers/STM32F3xx_HAL_Driver/Src/stm32f3xx_hal_uart.c.obj
 .debug_line    0x0000000000006c7b      0x21d CMakeFiles/motor_driver.elf.dir/Src/gpio.c.obj
 .debug_line    0x0000000000006e98      0x2b1 CMakeFiles/motor_driver.elf.dir/Src/i2c.c.obj
 .debug_line    0x0000000000007149      0x396 CMakeFiles/motor_driver.elf.dir/Src/main.c.obj
 .debug_line    0x00000000000074df      0x308 CMakeFiles/motor_driver.elf.dir/Src/motor_driver.c.obj
 .debug_line    0x00000000000077e7      0x2b2 CMakeFiles/motor_driver.elf.dir/Src/spi.c.obj
 .debug_line    0x0000000000007a99      0x1f1 CMakeFiles/motor_driver.elf.dir/Src/stm32f3xx_hal_msp.c.obj
 .debug_line    0x0000000000007c8a      0x296 CMakeFiles/motor_driver.elf.dir/Src/stm32f3xx_it.c.obj
 .debug_line    0x0000000000007f20      0x21a CMakeFiles/motor_driver.elf.dir/Src/system_stm32f3xx.c.obj
 .debug_line    0x000000000000813a      0x31e CMakeFiles/motor_driver.elf.dir/Src/tim.c.obj
 .debug_line    0x0000000000008458      0x2b3 CMakeFiles/motor_driver.elf.dir/Src/usart.c.obj
 .debug_line    0x000000000000870b       0xa5 CMakeFiles/motor_driver.elf.dir/startup/startup_stm32f303x8.s.obj
 .debug_line    0x00000000000087b0       0xb8 /usr/lib/gcc/arm-none-eabi/6.3.1/../../../arm-none-eabi/lib/thumb/v7e-m/libg_nano.a(lib_a-init.o)
 .debug_line    0x0000000000008868      0x176 /usr/lib/gcc/arm-none-eabi/6.3.1/../../../arm-none-eabi/lib/thumb/v7e-m/libg_nano.a(lib_a-memset.o)

.debug_str      0x0000000000000000     0x5242
 .debug_str     0x0000000000000000      0x7d7 CMakeFiles/motor_driver.elf.dir/Drivers/STM32F3xx_HAL_Driver/Src/stm32f3xx_hal.c.obj
                                        0x83b (size before relaxing)
 .debug_str     0x00000000000007d7      0x431 CMakeFiles/motor_driver.elf.dir/Drivers/STM32F3xx_HAL_Driver/Src/stm32f3xx_hal_cortex.c.obj
                                        0x97a (size before relaxing)
 .debug_str     0x0000000000000c08      0x263 CMakeFiles/motor_driver.elf.dir/Drivers/STM32F3xx_HAL_Driver/Src/stm32f3xx_hal_gpio.c.obj
                                        0x556 (size before relaxing)
 .debug_str     0x0000000000000e6b      0xcb1 CMakeFiles/motor_driver.elf.dir/Drivers/STM32F3xx_HAL_Driver/Src/stm32f3xx_hal_i2c.c.obj
                                        0xfb7 (size before relaxing)
 .debug_str     0x0000000000001b1c      0x11a CMakeFiles/motor_driver.elf.dir/Drivers/STM32F3xx_HAL_Driver/Src/stm32f3xx_hal_i2c_ex.c.obj
                                        0x908 (size before relaxing)
 .debug_str     0x0000000000001c36      0x347 CMakeFiles/motor_driver.elf.dir/Drivers/STM32F3xx_HAL_Driver/Src/stm32f3xx_hal_rcc.c.obj
                                        0x6c1 (size before relaxing)
 .debug_str     0x0000000000001f7d      0x1a6 CMakeFiles/motor_driver.elf.dir/Drivers/STM32F3xx_HAL_Driver/Src/stm32f3xx_hal_rcc_ex.c.obj
                                        0x4cd (size before relaxing)
 .debug_str     0x0000000000002123      0x742 CMakeFiles/motor_driver.elf.dir/Drivers/STM32F3xx_HAL_Driver/Src/stm32f3xx_hal_spi.c.obj
                                        0xbff (size before relaxing)
 .debug_str     0x0000000000002865     0x1098 CMakeFiles/motor_driver.elf.dir/Drivers/STM32F3xx_HAL_Driver/Src/stm32f3xx_hal_tim.c.obj
                                       0x154c (size before relaxing)
 .debug_str     0x00000000000038fd      0x617 CMakeFiles/motor_driver.elf.dir/Drivers/STM32F3xx_HAL_Driver/Src/stm32f3xx_hal_tim_ex.c.obj
                                        0xd53 (size before relaxing)
 .debug_str     0x0000000000003f14      0x89a CMakeFiles/motor_driver.elf.dir/Drivers/STM32F3xx_HAL_Driver/Src/stm32f3xx_hal_uart.c.obj
                                        0xe20 (size before relaxing)
 .debug_str     0x00000000000047ae       0x52 CMakeFiles/motor_driver.elf.dir/Src/gpio.c.obj
                                        0x631 (size before relaxing)
 .debug_str     0x0000000000004800       0x51 CMakeFiles/motor_driver.elf.dir/Src/i2c.c.obj
                                        0x807 (size before relaxing)
 .debug_str     0x0000000000004851       0x74 CMakeFiles/motor_driver.elf.dir/Src/main.c.obj
                                        0xe83 (size before relaxing)
 .debug_str     0x00000000000048c5       0xcb CMakeFiles/motor_driver.elf.dir/Src/motor_driver.c.obj
                                        0x6df (size before relaxing)
 .debug_str     0x0000000000004990       0x4b CMakeFiles/motor_driver.elf.dir/Src/spi.c.obj
                                        0x743 (size before relaxing)
 .debug_str     0x00000000000049db       0x42 CMakeFiles/motor_driver.elf.dir/Src/stm32f3xx_hal_msp.c.obj
                                        0x2bc (size before relaxing)
 .debug_str     0x0000000000004a1d       0xef CMakeFiles/motor_driver.elf.dir/Src/stm32f3xx_it.c.obj
                                        0x317 (size before relaxing)
 .debug_str     0x0000000000004b0c       0x77 CMakeFiles/motor_driver.elf.dir/Src/system_stm32f3xx.c.obj
                                        0x346 (size before relaxing)
 .debug_str     0x0000000000004b83       0x85 CMakeFiles/motor_driver.elf.dir/Src/tim.c.obj
                                        0x99f (size before relaxing)
 .debug_str     0x0000000000004c08       0x55 CMakeFiles/motor_driver.elf.dir/Src/usart.c.obj
                                        0x757 (size before relaxing)
 .debug_str     0x0000000000004c5d      0x15c /usr/lib/gcc/arm-none-eabi/6.3.1/../../../arm-none-eabi/lib/thumb/v7e-m/libg_nano.a(lib_a-init.o)
                                        0x1fa (size before relaxing)
 .debug_str     0x0000000000004db9      0x489 /usr/lib/gcc/arm-none-eabi/6.3.1/../../../arm-none-eabi/lib/thumb/v7e-m/libg_nano.a(lib_a-memset.o)
                                        0x5c1 (size before relaxing)

.debug_frame    0x0000000000000000     0x47c8
 .debug_frame   0x0000000000000000      0x334 CMakeFiles/motor_driver.elf.dir/Drivers/STM32F3xx_HAL_Driver/Src/stm32f3xx_hal.c.obj
 .debug_frame   0x0000000000000334      0x428 CMakeFiles/motor_driver.elf.dir/Drivers/STM32F3xx_HAL_Driver/Src/stm32f3xx_hal_cortex.c.obj
 .debug_frame   0x000000000000075c      0x14c CMakeFiles/motor_driver.elf.dir/Drivers/STM32F3xx_HAL_Driver/Src/stm32f3xx_hal_gpio.c.obj
 .debug_frame   0x00000000000008a8      0xbbc CMakeFiles/motor_driver.elf.dir/Drivers/STM32F3xx_HAL_Driver/Src/stm32f3xx_hal_i2c.c.obj
 .debug_frame   0x0000000000001464      0x100 CMakeFiles/motor_driver.elf.dir/Drivers/STM32F3xx_HAL_Driver/Src/stm32f3xx_hal_i2c_ex.c.obj
 .debug_frame   0x0000000000001564      0x214 CMakeFiles/motor_driver.elf.dir/Drivers/STM32F3xx_HAL_Driver/Src/stm32f3xx_hal_rcc.c.obj
 .debug_frame   0x0000000000001778       0xb0 CMakeFiles/motor_driver.elf.dir/Drivers/STM32F3xx_HAL_Driver/Src/stm32f3xx_hal_rcc_ex.c.obj
 .debug_frame   0x0000000000001828      0x860 CMakeFiles/motor_driver.elf.dir/Drivers/STM32F3xx_HAL_Driver/Src/stm32f3xx_hal_spi.c.obj
 .debug_frame   0x0000000000002088     0x1190 CMakeFiles/motor_driver.elf.dir/Drivers/STM32F3xx_HAL_Driver/Src/stm32f3xx_hal_tim.c.obj
 .debug_frame   0x0000000000003218      0x610 CMakeFiles/motor_driver.elf.dir/Drivers/STM32F3xx_HAL_Driver/Src/stm32f3xx_hal_tim_ex.c.obj
 .debug_frame   0x0000000000003828      0x970 CMakeFiles/motor_driver.elf.dir/Drivers/STM32F3xx_HAL_Driver/Src/stm32f3xx_hal_uart.c.obj
 .debug_frame   0x0000000000004198       0x34 CMakeFiles/motor_driver.elf.dir/Src/gpio.c.obj
 .debug_frame   0x00000000000041cc       0x74 CMakeFiles/motor_driver.elf.dir/Src/i2c.c.obj
 .debug_frame   0x0000000000004240       0x74 CMakeFiles/motor_driver.elf.dir/Src/main.c.obj
 .debug_frame   0x00000000000042b4      0x12c CMakeFiles/motor_driver.elf.dir/Src/motor_driver.c.obj
 .debug_frame   0x00000000000043e0       0x74 CMakeFiles/motor_driver.elf.dir/Src/spi.c.obj
 .debug_frame   0x0000000000004454       0x38 CMakeFiles/motor_driver.elf.dir/Src/stm32f3xx_hal_msp.c.obj
 .debug_frame   0x000000000000448c      0x144 CMakeFiles/motor_driver.elf.dir/Src/stm32f3xx_it.c.obj
 .debug_frame   0x00000000000045d0       0x58 CMakeFiles/motor_driver.elf.dir/Src/system_stm32f3xx.c.obj
 .debug_frame   0x0000000000004628       0xcc CMakeFiles/motor_driver.elf.dir/Src/tim.c.obj
 .debug_frame   0x00000000000046f4       0x74 CMakeFiles/motor_driver.elf.dir/Src/usart.c.obj
 .debug_frame   0x0000000000004768       0x2c /usr/lib/gcc/arm-none-eabi/6.3.1/../../../arm-none-eabi/lib/thumb/v7e-m/libg_nano.a(lib_a-init.o)
 .debug_frame   0x0000000000004794       0x34 /usr/lib/gcc/arm-none-eabi/6.3.1/../../../arm-none-eabi/lib/thumb/v7e-m/libg_nano.a(lib_a-memset.o)

.debug_loc      0x0000000000000000      0x26b
 .debug_loc     0x0000000000000000       0xae /usr/lib/gcc/arm-none-eabi/6.3.1/../../../arm-none-eabi/lib/thumb/v7e-m/libg_nano.a(lib_a-init.o)
 .debug_loc     0x00000000000000ae      0x1bd /usr/lib/gcc/arm-none-eabi/6.3.1/../../../arm-none-eabi/lib/thumb/v7e-m/libg_nano.a(lib_a-memset.o)
